// Jest Snapshot v1, https://goo.gl/fbAQLP

exports[`PropertyEditor has expected structure for Text 1`] = `
<form
  autoComplete="off"
  className="MuiBox-root css-p3gstk"
  noValidate={true}
>
  <div
    className="MuiFormControl-root MuiTextField-root css-1u3bzj6-MuiFormControl-root-MuiTextField-root"
  >
    <label
      className="MuiInputLabel-root MuiInputLabel-formControl MuiInputLabel-animated MuiInputLabel-shrink MuiInputLabel-sizeSmall MuiInputLabel-filled MuiFormLabel-root MuiFormLabel-colorPrimary Mui-disabled MuiFormLabel-filled css-bohyag-MuiFormLabel-root-MuiInputLabel-root"
      data-shrink={true}
      htmlFor="id"
      id="id-label"
    >
      Id
    </label>
    <div
      className="MuiFilledInput-root MuiFilledInput-underline MuiInputBase-root MuiInputBase-colorPrimary Mui-disabled MuiInputBase-formControl MuiInputBase-sizeSmall css-cio0x1-MuiInputBase-root-MuiFilledInput-root"
      onClick={[Function]}
    >
      <input
        aria-invalid={false}
        autoFocus={false}
        className="MuiFilledInput-input MuiInputBase-input Mui-disabled MuiInputBase-inputSizeSmall css-c5v1qu-MuiInputBase-input-MuiFilledInput-input"
        disabled={true}
        id="id"
        onAnimationStart={[Function]}
        onBlur={[Function]}
        onChange={[Function]}
        onFocus={[Function]}
        required={false}
        type="text"
        value="id1"
      />
    </div>
  </div>
  <div
    className="MuiFormControl-root MuiTextField-root css-1u3bzj6-MuiFormControl-root-MuiTextField-root"
  >
    <label
      className="MuiInputLabel-root MuiInputLabel-formControl MuiInputLabel-animated MuiInputLabel-shrink MuiInputLabel-sizeSmall MuiInputLabel-filled MuiFormLabel-root MuiFormLabel-colorPrimary MuiFormLabel-filled css-bohyag-MuiFormLabel-root-MuiInputLabel-root"
      data-shrink={true}
      htmlFor="name"
      id="name-label"
    >
      Name
    </label>
    <div
      className="MuiFilledInput-root MuiFilledInput-underline MuiInputBase-root MuiInputBase-colorPrimary MuiInputBase-formControl MuiInputBase-sizeSmall css-cio0x1-MuiInputBase-root-MuiFilledInput-root"
      onClick={[Function]}
    >
      <input
        aria-invalid={false}
        autoFocus={false}
        className="MuiFilledInput-input MuiInputBase-input MuiInputBase-inputSizeSmall css-c5v1qu-MuiInputBase-input-MuiFilledInput-input"
        disabled={false}
        id="name"
        onAnimationStart={[Function]}
        onBlur={[Function]}
        onChange={[Function]}
        onFocus={[Function]}
        required={false}
        type="text"
        value="Text 1"
      />
    </div>
  </div>
  <div
    className="MuiFormControl-root MuiTextField-root css-1u3bzj6-MuiFormControl-root-MuiTextField-root"
  >
    <label
      className="MuiInputLabel-root MuiInputLabel-formControl MuiInputLabel-animated MuiInputLabel-shrink MuiInputLabel-sizeSmall MuiInputLabel-filled MuiFormLabel-root MuiFormLabel-colorPrimary MuiFormLabel-filled css-bohyag-MuiFormLabel-root-MuiInputLabel-root"
      data-shrink={true}
      htmlFor="content"
      id="content-label"
    >
      Content
    </label>
    <div
      className="MuiFilledInput-root MuiFilledInput-underline MuiInputBase-root MuiInputBase-colorPrimary MuiInputBase-formControl MuiInputBase-sizeSmall css-cio0x1-MuiInputBase-root-MuiFilledInput-root"
      onClick={[Function]}
    >
      <input
        aria-invalid={false}
        autoFocus={false}
        className="MuiFilledInput-input MuiInputBase-input MuiInputBase-inputSizeSmall css-c5v1qu-MuiInputBase-input-MuiFilledInput-input"
        disabled={false}
        id="content"
        onAnimationStart={[Function]}
        onBlur={[Function]}
        onChange={[Function]}
        onFocus={[Function]}
        required={false}
        type="text"
        value="\\"Hi there!\\""
      />
    </div>
  </div>
</form>
`;
