// Vitest Snapshot v1, https://vitest.dev/guide/snapshot.html

exports[`Component element produces output containing children and wrapped with styles 1`] = `
<div
  className="MuiBox-root css-1embv37"
  id="app.page1.things"
>
  <div
    className="MuiTypography-root MuiTypography-body1 css-mtp603-MuiTypography-root"
    id="app.page1.things.text1"
    style={{}}
  >
    First text
  </div>
  <div
    className="MuiTypography-root MuiTypography-body1 css-1qyh66r-MuiTypography-root"
    id="app.page1.things.text2"
    style={{}}
  >
    Second text
  </div>
</div>
`;
