// Jest Snapshot v1, https://goo.gl/fbAQLP

exports[`ListItem produces output containing ReactElement children 1`] = `
<div
  className="MuiListItemButton-root MuiListItemButton-gutters MuiListItemButton-divider MuiButtonBase-root css-1dc20sj-MuiButtonBase-root-MuiListItemButton-root"
  id="page1.para1"
  onBlur={[Function]}
  onClick={[Function]}
  onContextMenu={[Function]}
  onDragLeave={[Function]}
  onFocus={[Function]}
  onKeyDown={[Function]}
  onKeyUp={[Function]}
  onMouseDown={[Function]}
  onMouseLeave={[Function]}
  onMouseUp={[Function]}
  onTouchEnd={[Function]}
  onTouchMove={[Function]}
  onTouchStart={[Function]}
  role="button"
  tabIndex={0}
>
  <p
    className="MuiTypography-root MuiTypography-body1 css-ahj2mt-MuiTypography-root"
  >
    where are you?
  </p>
</div>
`;
