// Vitest Snapshot v1, https://vitest.dev/guide/snapshot.html

exports[`Page element produces output containing children 1`] = `
<div
  className="MuiStack-root ElPage css-1r8j2qy-MuiStack-root"
  id="page1"
  tabIndex={-1}
>
  <div
    className="MuiTypography-root MuiTypography-body1 css-q50eim-MuiTypography-root"
    id="page1.para1"
    style={{}}
  >
    Hello
    <br />
    where are you
  </div>
</div>
`;

exports[`TestPage produces output with correct values 1`] = `
<div
  className="MuiStack-root ElPage css-1r8j2qy-MuiStack-root"
  id="page1"
  tabIndex={-1}
>
  <div
    className="MuiFormControl-root MuiTextField-root css-55ifni-MuiFormControl-root-MuiTextField-root"
  >
    <label
      className="MuiFormLabel-root MuiInputLabel-root MuiInputLabel-formControl MuiInputLabel-animated MuiInputLabel-sizeSmall MuiInputLabel-outlined MuiFormLabel-colorPrimary MuiInputLabel-root MuiInputLabel-formControl MuiInputLabel-animated MuiInputLabel-sizeSmall MuiInputLabel-outlined css-1kfabtt-MuiFormLabel-root-MuiInputLabel-root"
      data-shrink={false}
      htmlFor="page1.Description"
      id="page1.Description-label"
    >
      Description
    </label>
    <div
      className="MuiInputBase-root MuiOutlinedInput-root MuiInputBase-colorPrimary MuiInputBase-formControl MuiInputBase-sizeSmall css-quhxjy-MuiInputBase-root-MuiOutlinedInput-root"
      onClick={[Function]}
    >
      <input
        aria-invalid={false}
        autoFocus={false}
        className="MuiInputBase-input MuiOutlinedInput-input MuiInputBase-inputSizeSmall css-1pzfmz2-MuiInputBase-input-MuiOutlinedInput-input"
        disabled={false}
        id="page1.Description"
        onAnimationStart={[Function]}
        onBlur={[Function]}
        onChange={[Function]}
        onFocus={[Function]}
        required={false}
        type="text"
        value="Big"
      />
      <fieldset
        aria-hidden={true}
        className="MuiOutlinedInput-notchedOutline css-18p5xg2-MuiNotchedOutlined-root-MuiOutlinedInput-notchedOutline"
      >
        <legend
          className="css-1n64csd-MuiNotchedOutlined-root"
        >
          <span>
            Description
          </span>
        </legend>
      </fieldset>
    </div>
  </div>
  <div
    className="MuiFormControl-root MuiTextField-root css-qboax1-MuiFormControl-root-MuiTextField-root"
  >
    <label
      className="MuiFormLabel-root MuiInputLabel-root MuiInputLabel-formControl MuiInputLabel-animated MuiInputLabel-sizeSmall MuiInputLabel-outlined MuiFormLabel-colorPrimary MuiInputLabel-root MuiInputLabel-formControl MuiInputLabel-animated MuiInputLabel-sizeSmall MuiInputLabel-outlined css-1kfabtt-MuiFormLabel-root-MuiInputLabel-root"
      data-shrink={false}
      htmlFor="page1.BoxSize"
      id="page1.BoxSize-label"
    >
      Size
    </label>
    <div
      className="MuiInputBase-root MuiOutlinedInput-root MuiInputBase-colorPrimary MuiInputBase-formControl MuiInputBase-sizeSmall css-quhxjy-MuiInputBase-root-MuiOutlinedInput-root"
      onClick={[Function]}
    >
      <input
        aria-invalid={false}
        autoFocus={false}
        className="MuiInputBase-input MuiOutlinedInput-input MuiInputBase-inputSizeSmall css-1pzfmz2-MuiInputBase-input-MuiOutlinedInput-input"
        disabled={false}
        id="page1.BoxSize"
        onAnimationStart={[Function]}
        onBlur={[Function]}
        onChange={[Function]}
        onFocus={[Function]}
        required={false}
        type="number"
        value="33"
      />
      <fieldset
        aria-hidden={true}
        className="MuiOutlinedInput-notchedOutline css-18p5xg2-MuiNotchedOutlined-root-MuiOutlinedInput-notchedOutline"
      >
        <legend
          className="css-1n64csd-MuiNotchedOutlined-root"
        >
          <span>
            Size
          </span>
        </legend>
      </fieldset>
    </div>
  </div>
  <div
    className="MuiTypography-root MuiTypography-body1 css-rizt0-MuiTypography-root"
    id="page1.Feedback"
    style={{}}
  >
    Size is 33
  </div>
</div>
`;

exports[`TestPage produces output with correct values from child elements 1`] = `
<div
  className="MuiStack-root ElPage css-1r8j2qy-MuiStack-root"
  id="page1"
  tabIndex={-1}
>
  <div
    className="MuiFormControl-root MuiTextField-root css-55ifni-MuiFormControl-root-MuiTextField-root"
  >
    <label
      className="MuiFormLabel-root MuiInputLabel-root MuiInputLabel-formControl MuiInputLabel-animated MuiInputLabel-sizeSmall MuiInputLabel-outlined MuiFormLabel-colorPrimary MuiInputLabel-root MuiInputLabel-formControl MuiInputLabel-animated MuiInputLabel-sizeSmall MuiInputLabel-outlined css-1kfabtt-MuiFormLabel-root-MuiInputLabel-root"
      data-shrink={false}
      htmlFor="page1.Description"
      id="page1.Description-label"
    >
      Description
    </label>
    <div
      className="MuiInputBase-root MuiOutlinedInput-root MuiInputBase-colorPrimary MuiInputBase-formControl MuiInputBase-sizeSmall css-quhxjy-MuiInputBase-root-MuiOutlinedInput-root"
      onClick={[Function]}
    >
      <input
        aria-invalid={false}
        autoFocus={false}
        className="MuiInputBase-input MuiOutlinedInput-input MuiInputBase-inputSizeSmall css-1pzfmz2-MuiInputBase-input-MuiOutlinedInput-input"
        disabled={false}
        id="page1.Description"
        onAnimationStart={[Function]}
        onBlur={[Function]}
        onChange={[Function]}
        onFocus={[Function]}
        required={false}
        type="text"
        value="Big"
      />
      <fieldset
        aria-hidden={true}
        className="MuiOutlinedInput-notchedOutline css-18p5xg2-MuiNotchedOutlined-root-MuiOutlinedInput-notchedOutline"
      >
        <legend
          className="css-1n64csd-MuiNotchedOutlined-root"
        >
          <span>
            Description
          </span>
        </legend>
      </fieldset>
    </div>
  </div>
  <div
    className="MuiFormControl-root MuiTextField-root css-qboax1-MuiFormControl-root-MuiTextField-root"
  >
    <label
      className="MuiFormLabel-root MuiInputLabel-root MuiInputLabel-formControl MuiInputLabel-animated MuiInputLabel-sizeSmall MuiInputLabel-outlined MuiFormLabel-colorPrimary MuiInputLabel-root MuiInputLabel-formControl MuiInputLabel-animated MuiInputLabel-sizeSmall MuiInputLabel-outlined css-1kfabtt-MuiFormLabel-root-MuiInputLabel-root"
      data-shrink={false}
      htmlFor="page1.BoxSize"
      id="page1.BoxSize-label"
    >
      Size
    </label>
    <div
      className="MuiInputBase-root MuiOutlinedInput-root MuiInputBase-colorPrimary MuiInputBase-formControl MuiInputBase-sizeSmall css-quhxjy-MuiInputBase-root-MuiOutlinedInput-root"
      onClick={[Function]}
    >
      <input
        aria-invalid={false}
        autoFocus={false}
        className="MuiInputBase-input MuiOutlinedInput-input MuiInputBase-inputSizeSmall css-1pzfmz2-MuiInputBase-input-MuiOutlinedInput-input"
        disabled={false}
        id="page1.BoxSize"
        onAnimationStart={[Function]}
        onBlur={[Function]}
        onChange={[Function]}
        onFocus={[Function]}
        required={false}
        type="number"
        value="33"
      />
      <fieldset
        aria-hidden={true}
        className="MuiOutlinedInput-notchedOutline css-18p5xg2-MuiNotchedOutlined-root-MuiOutlinedInput-notchedOutline"
      >
        <legend
          className="css-1n64csd-MuiNotchedOutlined-root"
        >
          <span>
            Size
          </span>
        </legend>
      </fieldset>
    </div>
  </div>
  <div
    className="MuiTypography-root MuiTypography-body1 css-rizt0-MuiTypography-root"
    id="page1.Feedback"
    style={{}}
  >
    Size is 33
  </div>
</div>
`;
