// Jest Snapshot v1, https://goo.gl/fbAQLP

exports[`Page element produces output containing children 1`] = `
<div
  className="MuiStack-root ElPage css-1r8j2qy-MuiStack-root"
  id="page1"
  tabIndex={-1}
>
  <div
    className="MuiTypography-root MuiTypography-body1 css-q50eim-MuiTypography-root"
    id="page1.para1"
    style={{}}
  >
    Hello
    <br />
    where are you
  </div>
</div>
`;
