// Jest Snapshot v1, https://goo.gl/fbAQLP

exports[`Page element produces output containing children 1`] = `
<div
  className="MuiStack-root css-1hi109z-MuiStack-root"
  id="page1"
>
  <p
    className="MuiTypography-root MuiTypography-body1 css-1pnky8i-MuiTypography-root"
    id="page1.para1"
  >
    Hello
    where are you
  </p>
</div>
`;
